{"path": "occlusion-classification/data/features/klab325_orig/caffenet-fc7.mat", "url": "https://raw.githubusercontent.com/kreimanlab/occlusion-classification/94514806fb90da6f91193e86d97de7653c4a0247/data/features/klab325_orig/caffenet-fc7.mat", "bytes": 2271809, "sha256": "abb056d0a33b7f3f50a5f9eb086ae6a3854322892de3ff8cb2f13b1ac47e9786", "seconds": 0.2398863899998105}
{"path": "occlusion-classification/data/features/data_occlusion_klab325v2/caffenet-fc7.mat", "url": "https://raw.githubusercontent.com/kreimanlab/occlusion-classification/94514806fb90da6f91193e86d97de7653c4a0247/data/features/data_occlusion_klab325v2/caffenet-fc7.mat", "bytes": 95100517, "sha256": "07be12a28202b753771e5ec597b683c0535e742803535cc0edcee3d10c4f0b63", "seconds": 0.9356597640003201}
{"path": "occlusion-classification/data/data_occlusion_klab325v2.mat", "url": "https://raw.githubusercontent.com/kreimanlab/occlusion-classification/94514806fb90da6f91193e86d97de7653c4a0247/data/data_occlusion_klab325v2.mat", "bytes": 729203, "sha256": "4f9c360a1425a0c3561ca0c6a68e802fba308cf45fd04b3404ac15a76a77692c", "seconds": 0.144887861999905}
{"path": "occlusion-classification/data/data_occlusion_klab325v2_origimages.mat", "url": "https://raw.githubusercontent.com/kreimanlab/occlusion-classification/94514806fb90da6f91193e86d97de7653c4a0247/data/data_occlusion_klab325v2_origimages.mat", "bytes": 9415, "sha256": "7d16b56377d5313d9fd326d0068fe0a51e3029c238574510831f57566921cafe", "seconds": 0.09703812799989464}
{"path": "occlusion-classification/data/data_occlusion_klab325v3.mat", "url": "https://raw.githubusercontent.com/kreimanlab/occlusion-classification/94514806fb90da6f91193e86d97de7653c4a0247/data/data_occlusion_klab325v3.mat", "bytes": 532535, "sha256": "6446bba9b3f4c6fcfc5a27e65c42f70d50d8114a5516058f7e527ac15485f321", "seconds": 0.13335186399990562}
{"path": "occlusion-classification/data/dataset_extended.mat", "url": "https://raw.githubusercontent.com/kreimanlab/occlusion-classification/94514806fb90da6f91193e86d97de7653c4a0247/data/dataset_extended.mat", "bytes": 730721, "sha256": "c0290fac2a9808e8bb6c02095a5e81303d7ba6634c8ef3a9267174060da6ad9f", "seconds": 0.14568439599997873}
{"path": "occlusion-classification/data/data_occlusion_klab325v2-pres.txt", "url": "https://raw.githubusercontent.com/kreimanlab/occlusion-classification/94514806fb90da6f91193e86d97de7653c4a0247/data/data_occlusion_klab325v2-pres.txt", "bytes": 47464, "sha256": "acb6954e7db4f5aef4ba6bbe9c9d52cf0370ab77d3ead7a18a7be370ec863cd7", "seconds": 0.09178578099999868}
{"path": "occlusion-classification/data/data_occlusion_klab325v2-categories.txt", "url": "https://raw.githubusercontent.com/kreimanlab/occlusion-classification/94514806fb90da6f91193e86d97de7653c4a0247/data/data_occlusion_klab325v2-categories.txt", "bytes": 26000, "sha256": "cd723bc6061657de5186304909e9495fd2b5b5ab199d998323dfc7226094b6cf", "seconds": 0.09358529000019189}
{"path": "occlusion-classification/data/KLAB325.mat", "url": "https://raw.githubusercontent.com/kreimanlab/occlusion-classification/94514806fb90da6f91193e86d97de7653c4a0247/data/KLAB325.mat", "bytes": 7931696, "sha256": "7077ccb3982c30cb66add94c7568195e51969e4c34fee96e29eb46f5f9d9a80a", "seconds": 0.25671871700023985}
{"path": "occlusion-classification/data/README.md", "url": "https://raw.githubusercontent.com/kreimanlab/occlusion-classification/94514806fb90da6f91193e86d97de7653c4a0247/data/README.md", "bytes": 680, "sha256": "a2573d3c545918617f0ba22bd63ee372d1d80ba0faf178ab6f369de81def5e72", "seconds": 0.09339022599988311}
{"path": "occlusion-classification/run.m", "url": "https://raw.githubusercontent.com/kreimanlab/occlusion-classification/94514806fb90da6f91193e86d97de7653c4a0247/run.m", "bytes": 6617, "sha256": "2802ab2f5ea0cb85ca924e1aa18a03558349a4d13929cc592fbc75ba34523af2", "seconds": 0.08527628299998469}
{"path": "occlusion-classification/runMaskedHopFeatures.m", "url": "https://raw.githubusercontent.com/kreimanlab/occlusion-classification/94514806fb90da6f91193e86d97de7653c4a0247/runMaskedHopFeatures.m", "bytes": 2006, "sha256": "7cace3e176bd1dfe857397bd832c2b648e94ddbb058f026afa6b2e028abf7cd7", "seconds": 0.09573199499982366}
{"path": "occlusion-classification/data/createOccludedImage.m", "url": "https://raw.githubusercontent.com/kreimanlab/occlusion-classification/94514806fb90da6f91193e86d97de7653c4a0247/data/createOccludedImage.m", "bytes": 490, "sha256": "4d7a7ad227eb1915aba6b23d28616dfde15355534e3cd49196c9b494d7f844bd", "seconds": 0.08694816499973967}
{"path": "occlusion-classification/data/AddBubbles.m", "url": "https://raw.githubusercontent.com/kreimanlab/occlusion-classification/94514806fb90da6f91193e86d97de7653c4a0247/data/AddBubbles.m", "bytes": 689, "sha256": "8711ab4ff9ba096591cdaf43351e9d52457257aa4fa8ad02b528e1ae62747f76", "seconds": 0.08108785100012028}
{"path": "occlusion-classification/data/createBubbles.m", "url": "https://raw.githubusercontent.com/kreimanlab/occlusion-classification/94514806fb90da6f91193e86d97de7653c4a0247/data/createBubbles.m", "bytes": 885, "sha256": "22182b772b09c80bbbaf5b98e50c088be0270540f943e95449990933c1c5468d", "seconds": 0.1188387489996785}
{"path": "occlusion-classification/visualize/performance/collectAccuracies.m", "url": "https://raw.githubusercontent.com/kreimanlab/occlusion-classification/94514806fb90da6f91193e86d97de7653c4a0247/visualize/performance/collectAccuracies.m", "bytes": 845, "sha256": "93dc0569f3ea252933a699ee3d46e6bbdf5a01add88abe15ba241fe6e022d852", "seconds": 0.09588928200037117}
{"path": "occlusion-classification/visualize/partitionTrials.m", "url": "https://raw.githubusercontent.com/kreimanlab/occlusion-classification/94514806fb90da6f91193e86d97de7653c4a0247/visualize/partitionTrials.m", "bytes": 534, "sha256": "b1af00afa9146cf22f0b5a0da74dfa241a03fc58c6a17c043d1f1478d8870609", "seconds": 0.08666838099998131}
{"path": "occlusion-classification/visualize/correlation/collectModelHumanCorrelationData.m", "url": "https://raw.githubusercontent.com/kreimanlab/occlusion-classification/94514806fb90da6f91193e86d97de7653c4a0247/visualize/correlation/collectModelHumanCorrelationData.m", "bytes": 5413, "sha256": "df982688c014a049b4bb8d9075492eb49a4a458c0fce70c3288f055abc0ab3e5", "seconds": 0.07418876599967916}
{"path": "occlusion-classification/.gitmodules", "url": "https://raw.githubusercontent.com/kreimanlab/occlusion-classification/94514806fb90da6f91193e86d97de7653c4a0247/.gitmodules", "bytes": 125, "sha256": "fcc3322062bc65efdbef895a0e8eb67273d3e4662cbb9c2c97b617ce5023f376", "seconds": 0.08664301499993599}
{"path": "occlusion-models/runTask.m", "url": "https://raw.githubusercontent.com/kreimanlab/occlusion-models/3d772a6f797d20893e1639bfea2b9abe6b062573/runTask.m", "bytes": 2270, "sha256": "d3ee1d6c757d1e8f2825e5cd348733f87127a255694f8a844d3bf79914325b72", "seconds": 0.14324073900024814}
{"path": "occlusion-models/evaluate.m", "url": "https://raw.githubusercontent.com/kreimanlab/occlusion-models/3d772a6f797d20893e1639bfea2b9abe6b062573/evaluate.m", "bytes": 1031, "sha256": "e0a422bb8264ff8211afd57a532c84cfb03d8b5d68eb5823e38d8b1e56c4b8c3", "seconds": 0.11455631799981347}
{"path": "occlusion-models/classifiers/LibsvmClassifierCCV.m", "url": "https://raw.githubusercontent.com/kreimanlab/occlusion-models/3d772a6f797d20893e1639bfea2b9abe6b062573/classifiers/LibsvmClassifierCCV.m", "bytes": 1566, "sha256": "a4ce291ae48a596683b0cdbaa37188ac1763212982d87995fbed6204a25d51b0", "seconds": 0.12922318899973106}
{"path": "occlusion-models/classifiers/LibsvmClassifier.m", "url": "https://raw.githubusercontent.com/kreimanlab/occlusion-models/3d772a6f797d20893e1639bfea2b9abe6b062573/classifiers/LibsvmClassifier.m", "bytes": 1763, "sha256": "434d53c2bacdeb40e3764c38d4721421e5bc0dbfd23484e8a3ec24380f5966de", "seconds": 0.1085079780000342}
{"path": "occlusion-models/feature_extractors/hopfield/HopFeatures.m", "url": "https://raw.githubusercontent.com/kreimanlab/occlusion-models/3d772a6f797d20893e1639bfea2b9abe6b062573/feature_extractors/hopfield/HopFeatures.m", "bytes": 2062, "sha256": "610a5fa58dd1dea0c67319438b15dc00ed2acfaf91da65cdadd7d82e026d4a14", "seconds": 0.0873423430002731}
{"path": "occlusion-models/computeHopTimeFeatures.m", "url": "https://raw.githubusercontent.com/kreimanlab/occlusion-models/3d772a6f797d20893e1639bfea2b9abe6b062573/computeHopTimeFeatures.m", "bytes": 2776, "sha256": "8678fe01725eda4b11d233fbdecfc7464e19a0b775112cd02ed1a542b83190d1", "seconds": 0.09312806299976728}
{"path": "occlusion-models/feature_extractors/provide/FeatureProvider.m", "url": "https://raw.githubusercontent.com/kreimanlab/occlusion-models/3d772a6f797d20893e1639bfea2b9abe6b062573/feature_extractors/provide/FeatureProvider.m", "bytes": 2800, "sha256": "d1800645a13f72d1cb8e2ca7480192e198e7af9d996b6cd00d70701c7b23bd33", "seconds": 0.09463622100020075}
{"path": "occlusion-models/feature_extractors/bipolar/bipolarize.m", "url": "https://raw.githubusercontent.com/kreimanlab/occlusion-models/3d772a6f797d20893e1639bfea2b9abe6b062573/feature_extractors/bipolar/bipolarize.m", "bytes": 400, "sha256": "82f013fb187092f1024f0aa3cd5871c38f9ec0f2625d8ecef5bceede81901d98", "seconds": 0.10337906199993085}
Traceback (most recent call last):
  File "/home/ec2-user/tang2018_prepare.py", line 40, in <module>
    with h5py.File(path,'r') as f:
         ^^^^^^^^^^^^^^^^^^^
  File "/home/ec2-user/cadence-060-occlusion-data-20261001/deps/h5py/_hl/files.py", line 555, in __init__
    fid = make_fid(name, mode, userblock_size, fapl, fcpl, swmr=swmr)
          ^^^^^^^^^^^^^^^^^^^^^^^^^^^^^^^^^^^^^^^^^^^^^^^^^^^^^^^^^^^
  File "/home/ec2-user/cadence-060-occlusion-data-20261001/deps/h5py/_hl/files.py", line 232, in make_fid
    fid = h5f.open(name, flags, fapl=fapl)
          ^^^^^^^^^^^^^^^^^^^^^^^^^^^^^^^^
  File "h5py/_objects.pyx", line 54, in h5py._objects.with_phil.wrapper
  File "h5py/_objects.pyx", line 55, in h5py._objects.with_phil.wrapper
  File "h5py/h5f.pyx", line 106, in h5py.h5f.open
OSError: Unable to synchronously open file (file signature not found)
