{
  "status": "verified_original_feature_shapes_finite_values_and_row_alignment_with_behavior_and_labels",
  "bytes_total": 107412312,
  "features": {
    "whole_fc7": {
      "container": "MATLAB7.3/HDF5 transposed to MATLAB row order",
      "shape": [
        325,
        4096
      ],
      "dtype": "float64",
      "uncompressed_bytes": 10649600,
      "finite": true,
      "minimum": 0.0,
      "maximum": 20.0632,
      "zero_fraction": 0.806307842548077
    },
    "partial_fc7": {
      "container": "MATLAB5 compressed array; already row-major semantic shape",
      "shape": [
        13000,
        4096
      ],
      "dtype": "float64",
      "uncompressed_bytes": 425984000,
      "finite": true,
      "minimum": 0.0,
      "maximum": 14.441,
      "zero_fraction": 0.7333788686899039
    }
  },
  "behavior_summary": {
    "rows": 13000,
    "soa_seconds": [
      0.025,
      0.05,
      0.075,
      0.1,
      0.15
    ],
    "subject_ids": [
      152.0,
      153.0,
      154.0,
      155.0,
      156.0,
      157.0,
      158.0,
      159.0,
      160.0,
      161.0,
      162.0,
      163.0,
      164.0,
      165.0,
      166.0,
      167.0,
      168.0,
      169.0,
      170.0,
      171.0,
      172.0
    ],
    "masked_counts": {
      "0.0": 6500,
      "1.0": 6500
    },
    "black_percentiles": [
      33.89121338912135,
      78.11317222434171,
      84.23095145682221,
      89.62932143297863,
      100.0
    ],
    "visible_percentiles": [
      0.0,
      10.370678567021365,
      15.769048543177789,
      21.88682777565829,
      66.10878661087865
    ]
  },
  "manifest_sha256": "1e72a2756c5b712c5af8cb1db55d22b0137f7f7a6fa599c9333268301ca98fb5"
}
