........................................................................ [  6%]
.sss.sss.sss.sss.sss.sss.sss.sss.sss.sss.sss.sss.sss.sss.sss..sss.sss... [ 13%]
........................................................................ [ 20%]
........................................................................ [ 27%]
........................................................................ [ 33%]
........................................................................ [ 40%]
........................................................................ [ 47%]
........................................................................ [ 54%]
........................................................................ [ 60%]
........................................................................ [ 67%]
........................................................................ [ 74%]
........................................................................ [ 81%]
........................................................................ [ 87%]
..........................................................sss.sss.sss.ss [ 94%]
s.sss.sss.sss.sss..sss.ss.sss.sss..sss....sss.sss.sss.sss                [100%]
=========================== short test summary info ============================
SKIPPED [4] tests/test_batch_tensor.py:93: CUDA hardware unavailable
SKIPPED [2] tests/test_batch_tensor.py:93: MPS hardware unavailable
SKIPPED [2] tests/test_batch_tensor.py:139: CUDA hardware unavailable
SKIPPED [1] tests/test_batch_tensor.py:139: MPS hardware unavailable
SKIPPED [2] tests/test_batch_tensor.py:194: CUDA hardware unavailable
SKIPPED [1] tests/test_batch_tensor.py:194: MPS hardware unavailable
SKIPPED [2] tests/test_batch_tensor.py:229: CUDA hardware unavailable
SKIPPED [1] tests/test_batch_tensor.py:229: MPS hardware unavailable
SKIPPED [2] tests/test_batch_tensor.py:280: CUDA hardware unavailable
SKIPPED [1] tests/test_batch_tensor.py:280: MPS hardware unavailable
SKIPPED [2] tests/test_batch_tensor.py:301: CUDA hardware unavailable
SKIPPED [1] tests/test_batch_tensor.py:301: MPS hardware unavailable
SKIPPED [2] tests/test_batch_tensor.py:347: CUDA hardware unavailable
SKIPPED [1] tests/test_batch_tensor.py:347: MPS hardware unavailable
SKIPPED [2] tests/test_batch_tensor.py:368: CUDA hardware unavailable
SKIPPED [1] tests/test_batch_tensor.py:368: MPS hardware unavailable
SKIPPED [2] tests/test_batch_tensor.py:387: CUDA hardware unavailable
SKIPPED [1] tests/test_batch_tensor.py:387: MPS hardware unavailable
SKIPPED [2] tests/test_batch_tensor.py:406: CUDA hardware unavailable
SKIPPED [1] tests/test_batch_tensor.py:406: MPS hardware unavailable
SKIPPED [2] tests/test_batch_tensor.py:425: CUDA hardware unavailable
SKIPPED [1] tests/test_batch_tensor.py:425: MPS hardware unavailable
SKIPPED [2] tests/test_batch_tensor.py:464: CUDA hardware unavailable
SKIPPED [1] tests/test_batch_tensor.py:464: MPS hardware unavailable
SKIPPED [4] tests/test_batch_tensor.py:502: CUDA hardware unavailable
SKIPPED [2] tests/test_batch_tensor.py:502: MPS hardware unavailable
SKIPPED [2] tests/test_batch_tensor.py:568: CUDA hardware unavailable
SKIPPED [1] tests/test_batch_tensor.py:568: MPS hardware unavailable
SKIPPED [2] tests/test_batch_tensor.py:618: CUDA hardware unavailable
SKIPPED [1] tests/test_batch_tensor.py:618: MPS hardware unavailable
SKIPPED [8] tests/test_tensor_math.py:86: CUDA hardware unavailable
SKIPPED [4] tests/test_tensor_math.py:86: MPS hardware unavailable
SKIPPED [2] tests/test_tensor_math.py:126: CUDA hardware unavailable
SKIPPED [1] tests/test_tensor_math.py:126: MPS hardware unavailable
SKIPPED [2] tests/test_tensor_math.py:152: CUDA hardware unavailable
SKIPPED [1] tests/test_tensor_math.py:152: MPS hardware unavailable
SKIPPED [4] tests/test_tensor_math.py:185: CUDA hardware unavailable
SKIPPED [2] tests/test_tensor_math.py:185: MPS hardware unavailable
SKIPPED [2] tests/test_tensor_math.py:222: CUDA hardware unavailable
SKIPPED [1] tests/test_tensor_math.py:222: MPS hardware unavailable
SKIPPED [1] tests/test_tensor_math.py:246: CUDA hardware unavailable
SKIPPED [1] tests/test_tensor_math.py:246: MPS hardware unavailable
SKIPPED [2] tests/test_tensor_math.py:298: CUDA hardware unavailable
SKIPPED [1] tests/test_tensor_math.py:298: MPS hardware unavailable
SKIPPED [2] tests/test_tensor_math.py:331: CUDA hardware unavailable
SKIPPED [1] tests/test_tensor_math.py:331: MPS hardware unavailable
SKIPPED [2] tests/test_tensor_math.py:399: CUDA hardware unavailable
SKIPPED [1] tests/test_tensor_math.py:399: MPS hardware unavailable
SKIPPED [2] tests/test_tensor_math.py:438: CUDA hardware unavailable
SKIPPED [1] tests/test_tensor_math.py:438: MPS hardware unavailable
SKIPPED [2] tests/test_tensor_math.py:452: CUDA hardware unavailable
SKIPPED [1] tests/test_tensor_math.py:452: MPS hardware unavailable
SKIPPED [2] tests/test_tensor_math.py:470: CUDA hardware unavailable
SKIPPED [1] tests/test_tensor_math.py:470: MPS hardware unavailable
SKIPPED [2] tests/test_tensor_math.py:491: CUDA hardware unavailable
SKIPPED [1] tests/test_tensor_math.py:491: MPS hardware unavailable
964 passed, 101 skipped in 89.75s (0:01:29)
